*** Using Compiler 'V6.24', folder: 'E:\STM\ARM\ARMCLANG\Bin'
Rebuild target 'Target_1'
Before Build - User command #1: cmd /c ""E:\RenesasProject\RA4M2_Blink\rasc_launcher.bat" "E:\RenesasProject\RA4M2_Blink\rasc_version.txt" -nosplash --launcher.suppressErrors --generate --compiler ARMv6 --devicefamily ra "E:\RenesasProject\RA4M2_Blink\configuration.xml" 2> "%TEMP%\rasc_stderr.out" && echo. > "E:\RenesasProject\RA4M2_Blink\output.rasc""
[INFO] Input file "E:\RenesasProject\RA4M2_Blink\configuration.xml" is newer than output file "E:\RenesasProject\RA4M2_Blink\output.rasc". Proceeding with RASC invocation...
Generating Project Content............
..
compiling dht11.c...
compiling bemfa_payload.c...
compiling hal_entry.c...
compiling hal_warmstart.c...
compiling bsp_delay.c...
compiling startup.c...
compiling bsp_group_irq.c...
compiling bsp_common.c...
compiling potentiometer.c...
compiling i2c_bus.c...
compiling system.c...
compiling bsp_clocks.c...
compiling mpu6050.c...
compiling app_main.c...
compiling da16200.c...
compiling oled.c...
compiling bsp_guard.c...
compiling bsp_io.c...
compiling bsp_ospi_b.c...
compiling bsp_macl.c...
compiling bsp_ipc.c...
compiling bsp_irq.c...
compiling bsp_sbrk.c...
compiling bsp_register_protection.c...
compiling bsp_sdram.c...
compiling bsp_security.c...
compiling bsp_linker.c...
compiling common_data.c...
compiling hal_data.c...
compiling r_ioport.c...
compiling r_sci_i2c.c...
compiling main.c...
compiling r_sci_uart.c...
compiling vector_data.c...
compiling r_adc.c...
compiling pin_data.c...
linking...
Program Size: Code=21016 RO-data=2848 RW-data=8 ZI-data=3816  
FromELF: creating hex file...
After Build - User command #1: cmd /c ""E:\RenesasProject\RA4M2_Blink\rasc_launcher.bat" "E:\RenesasProject\RA4M2_Blink\rasc_version.txt" -nosplash --launcher.suppressErrors --gensmartbundle --compiler ARMv6 --devicefamily ra "E:\RenesasProject\RA4M2_Blink\configuration.xml" "E:\RenesasProject\RA4M2_Blink\Objects\RA4M2_Blink.axf" 2> "%TEMP%\rasc_stderr.out""
[INFO] Input file "E:\RenesasProject\RA4M2_Blink\Objects\RA4M2_Blink.axf" is newer than output file "E:\RenesasProject\RA4M2_Blink\Objects\RA4M2_Blink.sbd". Proceeding with RASC invocation...
Generating Smart Bundle..
".\Objects\RA4M2_Blink.axf" - 0 Error(s), 0 Warning(s).
Build Time Elapsed:  00:00:25
